// Jest Snapshot v1, https://goo.gl/fbAQLP

exports[`stats bundle-size 1`] = `
Object {
  "bundle_main.js": "replaced",
  "bundle_vendor.js": "replaced",
  "total_css": "replaced",
  "total_js": "replaced",
}
`;

exports[`stats lighthouse 1`] = `
Object {
  "home_category_accessibility_score": "replaced",
  "home_category_best-practices_score": "replaced",
  "home_category_performance_score": "replaced",
  "home_category_pwa_score": "replaced",
  "home_category_seo_score": "replaced",
  "home_maximum_child_elements": "replaced",
  "home_maximum_dom_depth": "replaced",
  "home_total_dom_elements": "replaced",
}
`;

exports[`stats ssr-stats 1`] = `
Object {
  "home_ssr_document_size": "replaced",
  "home_ssr_dom_size": "replaced",
  "home_ssr_loadtime": "replaced",
}
`;
